http_interactions:
- request:
    method: get
    uri: https://apitest.laji.fi/v0/taxa/search?query=Otter&matchType=exact&limit=1&access_token=<finbif_token>
    body:
      encoding: ''
      string: ''
    headers:
      Content-Type: ''
      Accept: application/json
  response:
    status:
      status_code: 200
      category: Success
      reason: OK
      message: 'Success: (200) OK'
    headers:
      date: Fri, 12 Jan 2024 12:02:49 GMT
      content-type: application/json; charset=utf-8
      content-length: '435'
      x-powered-by: Express
      access-control-allow-origin: '*'
      access-control-allow-credentials: 'true'
      x-download-options: noopen
      etag: W/"1b3-5oDSWCeJeY7vc/kDPCARmeAe0nY"
      vary: Accept-Encoding
      cache-control: public
      x-frame-options: DENY
      x-xss-protection: 1;mode=block
      x-content-type-options: nosniff
      strict-transport-security: max-age=31536000;includeSubDomains;preload
      referrer-policy: no-referrer-when-downgrade
    body:
      encoding: ''
      file: no
      string: '[{"matchingName":"Otter","nameType":"MX.vernacularName","id":"MX.47169","scientificName":"Lutra
        lutra","scientificNameAuthorship":"(Linnaeus, 1758)","taxonRank":"MX.species","cursiveName":true,"finnish":true,"species":true,"vernacularName":{"fi":"saukko","en":"Otter","sv":"utter"},"informalGroups":[{"id":"MVL.2","name":{"fi":"Nisäkkäät","en":"Mammals","sv":"Däggdjur"}}],"kingdomScientificName":"Animalia","type":"exactMatches"}]'
  recorded_at: 2024-01-12 12:02:50 GMT
  recorded_with: vcr/1.2.2, webmockr/0.9.0
- request:
    method: get
    uri: https://apitest.laji.fi/v0/taxa/search?query=Bubo%20bubo&matchType=exact&limit=1&access_token=<finbif_token>
    body:
      encoding: ''
      string: ''
    headers:
      Content-Type: ''
      Accept: application/json
  response:
    status:
      status_code: 200
      category: Success
      reason: OK
      message: 'Success: (200) OK'
    headers:
      date: Fri, 12 Jan 2024 12:02:49 GMT
      content-type: application/json; charset=utf-8
      content-length: '641'
      x-powered-by: Express
      access-control-allow-origin: '*'
      access-control-allow-credentials: 'true'
      x-download-options: noopen
      etag: W/"281-7dyxbvHCCYFbjLz8q+P+KtsokdM"
      vary: Accept-Encoding
      cache-control: public
      x-frame-options: DENY
      x-xss-protection: 1;mode=block
      x-content-type-options: nosniff
      strict-transport-security: max-age=31536000;includeSubDomains;preload
      referrer-policy: no-referrer-when-downgrade
    body:
      encoding: ''
      file: no
      string: '[{"matchingName":"Bubo bubo","nameType":"MX.scientificName","id":"MX.28965","scientificName":"Bubo
        bubo","scientificNameAuthorship":"(Linnaeus, 1758)","taxonRank":"MX.species","cursiveName":true,"finnish":true,"species":true,"vernacularName":{"en":"Eurasian
        Eagle-owl","fi":"huuhkaja","sv":"berguv","se":"lidnu"},"informalGroups":[{"id":"MVL.1","name":{"en":"Birds","sv":"Fåglar","fi":"Linnut"}},{"id":"MVL.1141","name":{"sv":"Rovfåglar
        och ugglor","en":"Birds of prey and owls","fi":"Petolinnut ja pöllöt"}},{"id":"MVL.1161","name":{"fi":"Pöllöt","sv":"Ugglor","en":"Owls"}}],"kingdomScientificName":"Animalia","type":"exactMatches"}]'
  recorded_at: 2024-01-12 12:02:50 GMT
  recorded_with: vcr/1.2.2, webmockr/0.9.0
- request:
    method: get
    uri: https://apitest.laji.fi/v0/taxa/search?query=MX.279648&matchType=exact&limit=1&access_token=<finbif_token>
    body:
      encoding: ''
      string: ''
    headers:
      Content-Type: ''
      Accept: application/json
  response:
    status:
      status_code: 200
      category: Success
      reason: OK
      message: 'Success: (200) OK'
    headers:
      date: Fri, 12 Jan 2024 12:02:49 GMT
      content-type: application/json; charset=utf-8
      content-length: '649'
      x-powered-by: Express
      access-control-allow-origin: '*'
      access-control-allow-credentials: 'true'
      x-download-options: noopen
      etag: W/"289-7l7BfMG1WG9nmcBFeu27JbHkiDM"
      vary: Accept-Encoding
      cache-control: public
      x-frame-options: DENY
      x-xss-protection: 1;mode=block
      x-content-type-options: nosniff
      strict-transport-security: max-age=31536000;includeSubDomains;preload
      referrer-policy: no-referrer-when-downgrade
    body:
      encoding: ''
      file: no
      string: '[{"matchingName":"Scoliocentra nigrinervis","nameType":"MX.scientificName","id":"MX.279648","scientificName":"Scoliocentra
        nigrinervis","scientificNameAuthorship":"(Wahlgren, 1918)","taxonRank":"MX.species","cursiveName":true,"finnish":true,"species":true,"vernacularName":{},"informalGroups":[{"id":"MVL.232","name":{"fi":"Hyönteiset
        ja hämähäkkieläimet","en":"Insects and arachnids","sv":"Insekter och spindeldjur"}},{"id":"MVL.224","name":{"sv":"Tvåvingar","en":"True
        flies","fi":"Kaksisiipiset"}},{"id":"MVL.342","name":{"en":"Brachyceran flies","sv":"Flugor","fi":"Kärpäset"}}],"kingdomScientificName":"Animalia","type":"exactMatches"}]'
  recorded_at: 2024-01-12 12:02:50 GMT
  recorded_with: vcr/1.2.2, webmockr/0.9.0
