http_interactions:
- request:
    method: get
    uri: https://apitest.laji.fi/v0/warehouse/query/unit/list?selected=unit.unitId%2Cunit.linkings.taxon.informalTaxonGroups&page=1&pageSize=5&access_token=<finbif_token>
    body:
      encoding: ''
      string: ''
    headers:
      Content-Type: ''
      Accept: application/json
  response:
    status:
      status_code: 200
      category: Success
      reason: OK
      message: 'Success: (200) OK'
    headers:
      date: Tue, 05 Nov 2024 09:55:30 GMT
      content-type: application/json;charset=utf-8
      transfer-encoding: chunked
      access-control-allow-origin: '*'
      via: 1.0 staging.laji.fi
      cache-control: no-store
      x-frame-options: DENY
      x-xss-protection: 1;mode=block
      x-content-type-options: nosniff
      strict-transport-security: max-age=31536000;includeSubDomains;preload
      referrer-policy: no-referrer-when-downgrade
    body:
      encoding: ''
      file: no
      string: '{"currentPage":1,"nextPage":2,"lastPage":652650,"pageSize":5,"total":3263247,"cacheTimestamp":1730800541,"results":[{"unit":{"linkings":{"taxon":{"informalTaxonGroups":["http://tun.fi/MVL.343"]}},"unitId":"http://tun.fi/HR.1910/45660_U"}},{"unit":{"linkings":{"taxon":{"informalTaxonGroups":["http://tun.fi/MVL.343"]}},"unitId":"http://tun.fi/HR.1910/45610_U"}},{"unit":{"linkings":{"taxon":{"informalTaxonGroups":["http://tun.fi/MVL.232","http://tun.fi/MVL.31","http://tun.fi/MVL.183","http://tun.fi/MVL.237"]}},"unitId":"http://tun.fi/JX.325272#3"}},{"unit":{"linkings":{"taxon":{"informalTaxonGroups":["http://tun.fi/MVL.1"]}},"unitId":"http://tun.fi/JX.325166#3"}},{"unit":{"linkings":{"taxon":{"informalTaxonGroups":["http://tun.fi/MVL.343"]}},"unitId":"http://tun.fi/HR.1910/45655_U"}}]}'
  recorded_at: 2024-11-05 09:55:43 GMT
  recorded_with: vcr/1.6.0, webmockr/1.0.0
- request:
    method: get
    uri: https://apitest.laji.fi/v0/warehouse/query/unit/list?selected=unit.unitId%2Cunit.linkings.taxon.informalTaxonGroups&page=2&pageSize=5&access_token=<finbif_token>
    body:
      encoding: ''
      string: ''
    headers:
      Content-Type: ''
      Accept: application/json
  response:
    status:
      status_code: 200
      category: Success
      reason: OK
      message: 'Success: (200) OK'
    headers:
      date: Tue, 05 Nov 2024 09:55:31 GMT
      content-type: application/json;charset=utf-8
      transfer-encoding: chunked
      access-control-allow-origin: '*'
      via: 1.0 staging.laji.fi
      cache-control: no-store
      x-frame-options: DENY
      x-xss-protection: 1;mode=block
      x-content-type-options: nosniff
      strict-transport-security: max-age=31536000;includeSubDomains;preload
      referrer-policy: no-referrer-when-downgrade
    body:
      encoding: ''
      file: no
      string: '{"currentPage":2,"prevPage":1,"nextPage":3,"lastPage":652650,"pageSize":5,"total":3263247,"cacheTimestamp":1730800542,"results":[{"unit":{"linkings":{"taxon":{"informalTaxonGroups":["http://tun.fi/MVL.343"]}},"unitId":"http://tun.fi/HR.1910/45656_U"}},{"unit":{"linkings":{"taxon":{"informalTaxonGroups":["http://tun.fi/MVL.343"]}},"unitId":"http://tun.fi/HR.1910/45657_U"}},{"unit":{"linkings":{"taxon":{"informalTaxonGroups":["http://tun.fi/MVL.343"]}},"unitId":"http://tun.fi/HR.1910/45658_U"}},{"unit":{"linkings":{"taxon":{"informalTaxonGroups":["http://tun.fi/MVL.343"]}},"unitId":"http://tun.fi/HR.1910/45659_U"}},{"unit":{"linkings":{"taxon":{"informalTaxonGroups":["http://tun.fi/MVL.232","http://tun.fi/MVL.31","http://tun.fi/MVL.183","http://tun.fi/MVL.237"]}},"unitId":"http://tun.fi/JX.325165#3"}}]}'
  recorded_at: 2024-11-05 09:55:43 GMT
  recorded_with: vcr/1.6.0, webmockr/1.0.0
- request:
    method: get
    uri: https://apitest.laji.fi/v0/warehouse/query/unit/list?selected=unit.unitId%2Cunit.linkings.taxon.informalTaxonGroups&page=3&pageSize=5&access_token=<finbif_token>
    body:
      encoding: ''
      string: ''
    headers:
      Content-Type: ''
      Accept: application/json
  response:
    status:
      status_code: 200
      category: Success
      reason: OK
      message: 'Success: (200) OK'
    headers:
      date: Tue, 05 Nov 2024 09:55:32 GMT
      content-type: application/json;charset=utf-8
      transfer-encoding: chunked
      access-control-allow-origin: '*'
      via: 1.0 staging.laji.fi
      cache-control: no-store
      x-frame-options: DENY
      x-xss-protection: 1;mode=block
      x-content-type-options: nosniff
      strict-transport-security: max-age=31536000;includeSubDomains;preload
      referrer-policy: no-referrer-when-downgrade
    body:
      encoding: ''
      file: no
      string: '{"currentPage":3,"prevPage":2,"nextPage":4,"lastPage":652650,"pageSize":5,"total":3263247,"cacheTimestamp":1730800543,"results":[{"unit":{"linkings":{"taxon":{"informalTaxonGroups":["http://tun.fi/MVL.343"]}},"unitId":"http://tun.fi/HR.1910/45651_U"}},{"unit":{"linkings":{"taxon":{"informalTaxonGroups":["http://tun.fi/MVL.343"]}},"unitId":"http://tun.fi/HR.1910/45652_U"}},{"unit":{"linkings":{"taxon":{"informalTaxonGroups":["http://tun.fi/MVL.343"]}},"unitId":"http://tun.fi/HR.1910/45653_U"}},{"unit":{"linkings":{"taxon":{"informalTaxonGroups":["http://tun.fi/MVL.343"]}},"unitId":"http://tun.fi/HR.1910/45654_U"}},{"unit":{"linkings":{"taxon":{"informalTaxonGroups":["http://tun.fi/MVL.343"]}},"unitId":"http://tun.fi/HR.1910/45649_U"}}]}'
  recorded_at: 2024-11-05 09:55:43 GMT
  recorded_with: vcr/1.6.0, webmockr/1.0.0
